=/pretest.json
{
  _: [],
  f: [
    '/home/runner/work/exp-effect-of-channel-iitd/exp-effect-of-channel-iitd/experiment/pretest.json'
  ],
  files: [
    '/home/runner/work/exp-effect-of-channel-iitd/exp-effect-of-channel-iitd/experiment/pretest.json'
  ],
  c: 'assessment',
  contentTypes: 'assessment',
  'content-types': 'assessment',
  '$0': 'validate'
}
/version: Version should be 2.0

Json Error: must match "then" schema
Failed while validating /home/runner/work/exp-effect-of-channel-iitd/exp-effect-of-channel-iitd/experiment/pretest.json
Error: Schema is Invalid
=/posttest.json
{
  _: [],
  f: [
    '/home/runner/work/exp-effect-of-channel-iitd/exp-effect-of-channel-iitd/experiment/posttest.json'
  ],
  files: [
    '/home/runner/work/exp-effect-of-channel-iitd/exp-effect-of-channel-iitd/experiment/posttest.json'
  ],
  c: 'assessment',
  contentTypes: 'assessment',
  'content-types': 'assessment',
  '$0': 'validate'
}
Validated true
